{
  "$schema": "http://json-schema.org/draft-07/schema#",
  "title": "DeprecatedStruct",
  "deprecated": true,
  "type": "object",
  "required": [
    "deprecated_field",
    "foo"
  ],
  "properties": {
    "deprecated_field": {
      "deprecated": true,
      "type": "boolean"
    },
    "foo": {
      "type": "integer",
      "format": "int32"
    }
  }
}