{
  "$schema": "http://json-schema.org/draft-07/schema#",
  "title": "Uuid",
  "type": "string",
  "format": "uuid"
}